// Jest Snapshot v1, https://goo.gl/fbAQLP

exports[`SearchParams matches the snapshot 1`] = `
<div
  class="search-params"
>
  <form>
    <label
      for="theme"
    >
      Theme
      <select
        id="theme"
      >
        <option
          value="peru"
        >
          Peru
        </option>
        <option
          value="darkblue"
        >
          Dark Blue
        </option>
        <option
          value="chartreuse"
        >
          Chart Reuse
        </option>
        <option
          value="mediumorchid"
        >
          Medium Orchid
        </option>
      </select>
    </label>
    <label
      for="location"
    >
      Location
      <input
        id="location"
        placeholder="Location"
        type="text"
        value="Seattle, WA"
      />
    </label>
    <label
      for="use-dropdown-animal"
    >
      Animal
      <select
        data-testid="use-dropdown-animal"
        id="use-dropdown-animal"
        name="use-dropdown-animal"
      >
        <option
          value=""
        >
          all
        </option>
        <option
          value="dog"
        >
          dog
        </option>
        <option
          value="cat"
        >
          cat
        </option>
        <option
          value="bird"
        >
          bird
        </option>
      </select>
    </label>
    <label
      for="use-dropdown-breed"
    >
      Breed
      <select
        data-testid="use-dropdown-breed"
        id="use-dropdown-breed"
        name="use-dropdown-breed"
      >
        <option
          value=""
        >
          all
        </option>
        <option
          value="Bichon Frise"
        >
          Bichon Frise
        </option>
        <option
          value="Bolognese"
        >
          Bolognese
        </option>
        <option
          value="Bolonka"
        >
          Bolonka
        </option>
        <option
          value="Coton de Tulear"
        >
          Coton de Tulear
        </option>
        <option
          value="Havanese"
        >
          Havanese
        </option>
        <option
          value="Lowchen"
        >
          Lowchen
        </option>
        <option
          value="Maltese"
        >
          Maltese
        </option>
      </select>
    </label>
    <button
      style="background-color: green;"
      type="submit"
    >
      Submit
    </button>
  </form>
  <div
    class="search"
    data-testid="search-results"
  >
    <h1>
      No pets were found :/
    </h1>
  </div>
</div>
`;
